// Jest Snapshot v1, https://goo.gl/fbAQLP

exports[`Default styled button matches snapshot 1`] = `
.c0 {
  background-color: var(--color-white);
  border: 1px solid var(--color-brand-primary);
  color: var(--color-brand-primary);
  -webkit-align-items: center;
  -webkit-box-align: center;
  -ms-flex-align: center;
  align-items: center;
  border-radius: 0.375rem;
  box-shadow: 0 1px 2px rgba(0,0,0,0.05);
  margin: 0;
  outline: none;
  padding: 0.75rem;
}

.c0:hover {
  background-color: var(--color-brand-secondary-hover);
  cursor: pointer;
}

.c0:active {
  background-color: var(--color-brand-secondary-pressed);
}

<button
  class="c0"
>
  test
</button>
`;
